{
    "type": "https://tools.ietf.org/html/rfc2616#section-10",
    "title": "An error occurred",
    "detail": "title: This value should not be blank.\nurl: This value should not be blank.\nauthorName: This value should not be blank.\nwidth: This value should not be blank.\nheight: This value should not be blank.",
    "violations": [
        {
            "propertyPath": "title",
            "message": "This value should not be blank."
        },
        {
            "propertyPath": "url",
            "message": "This value should not be blank."
        },
        {
            "propertyPath": "authorName",
            "message": "This value should not be blank."
        },
        {
            "propertyPath": "width",
            "message": "This value should not be blank."
        },
        {
            "propertyPath": "height",
            "message": "This value should not be blank."
        }
    ]
}
