[
    {
        "type": "video",
        "title": "Star Wars",
        "url": "https://vimeo.com/148551759",
        "authorName": "George Lucas",
        "addedAt": "@string@.isDateTime()",
        "width": 1280,
        "height": 1024,
        "duration": 118,
        "tags": [
            "movie",
            "science-fiction",
            "space battle"
        ],
        "id": @integer@
    },
    {
        "type": "video",
        "title": "Game of Thrones",
        "url": "https://vimeo.com/100095868",
        "authorName": "George R.R. Martin",
        "addedAt": "@string@.isDateTime()",
        "width": 1280,
        "height": 1024,
        "duration": 118,
        "tags": [
            "tv-show"
        ],
        "id": @integer@
    },
    {
        "type": "video",
        "title": "Back to the Future",
        "url": "https://vimeo.com/155616916",
        "authorName": "Robert Zemeckis",
        "addedAt": "@string@.isDateTime()",
        "width": 1280,
        "height": 1024,
        "duration": 118,
        "tags": [
            "movie",
            "science-fiction",
            "time travel"
        ],
        "id": @integer@
    }
]
