{
    "type": "video",
    "title": "What Makes Star Wars STAR WARS?",
    "url": "https://vimeo.com/148551759",
    "authorName": "Oscar Boyson",
    "addedAt": "@string@.isDateTime()",
    "width": 480,
    "height": 270,
    "duration": 227,
    "tags": [
        "movie",
        "science-fiction",
        "space battle"
    ],
    "id": @integer@
}
