{
    "type": "video",
    "title": "Back to the Future Prequel Trailer: 1.21 Gigawatts",
    "url": "https://vimeo.com/155616916",
    "authorName": "Tyler Hopkins",
    "addedAt": "@string@.isDateTime()",
    "width": 640,
    "height": 360,
    "duration": 146,
    "tags": [
        "movie",
        "science-fiction",
        "space battle"
    ],
    "id": @integer@
}
