{
    "type": "video",
    "title": "Star Wars",
    "url": "http://example.com/star-wars",
    "authorName": "George Lucas",
    "addedAt": "@string@.isDateTime()",
    "width": 1280,
    "height": 1024,
    "duration": 118,
    "tags": [
        "top movie"
    ],
    "id": @integer@
}
